// Jest Snapshot v1, https://goo.gl/fbAQLP

exports[`ProductImage show image without ProductCard component 1`] = `[Function]`;
